[07:18:42] [main/INFO]: Loading Minecraft 1.21.11 with Fabric Loader 0.18.2
[07:18:42] [main/INFO]: Loading 4 mods:
	- fabricloader 0.18.2
	   \-- mixinextras 0.5.0
	- java 21
	- minecraft 1.21.11
[07:18:42] [main/INFO]: SpongePowered MIXIN Subsystem Version=0.8.7 Source=file:/workspaces/Mi-servidor/servidor_minecraft/libraries/net/fabricmc/sponge-mixin/0.16.5+mixin.0.8.7/sponge-mixin-0.16.5+mixin.0.8.7.jar Service=Knot/Fabric Env=SERVER
[07:18:50] [main/INFO]: Environment: Environment[sessionHost=https://sessionserver.mojang.com, servicesHost=https://api.minecraftservices.com, profilesHost=https://api.mojang.com, name=PROD]
[07:18:53] [main/INFO]: Loaded 1470 recipes
[07:18:53] [main/INFO]: Loaded 1584 advancements
[07:18:54] [Server thread/INFO]: Starting minecraft server version 1.21.11
[07:18:54] [Server thread/INFO]: Loading properties
[07:18:54] [Server thread/INFO]: Default game type: SURVIVAL
[07:18:54] [Server thread/INFO]: Generating keypair
[07:18:54] [Server thread/INFO]: Starting Minecraft server on *:25565
[07:18:54] [Server thread/WARN]: **** SERVER IS RUNNING IN OFFLINE/INSECURE MODE!
[07:18:54] [Server thread/WARN]: The server will make no attempt to authenticate usernames. Beware.
[07:18:54] [Server thread/WARN]: While this makes the game possible to play without internet access, it also opens up the ability for hackers to connect with any username they choose.
[07:18:54] [Server thread/WARN]: To change this, set "online-mode" to "true" in the server.properties file.
[07:18:54] [Server thread/INFO]: Preparing level "world"
[07:18:54] [Server thread/INFO]: Loading 0 persistent chunks...
[07:18:54] [Server thread/INFO]: Preparing spawn area: 100%
[07:18:54] [Server thread/INFO]: Time elapsed: 15 ms
[07:18:54] [Server thread/INFO]: Done (0.506s)! For help, type "help"
[07:19:04] [Server thread/INFO]: Yazuu[/172.29.222.16:63576] logged in with entity id 71 at (5314.699999988079, 64.875, -992.3000000119209)
[07:19:04] [Server thread/INFO]: Yazuu joined the game
[07:19:11] [Server thread/INFO]: DraculaNew[/172.29.103.188:54376] logged in with entity id 197 at (5324.802769704595, 73.0, -991.5743134655396)
[07:19:11] [Server thread/INFO]: DraculaNew joined the game
[07:41:00] [Server thread/WARN]: Oak Boat (vehicle of Yazuu) moved too quickly! -5.452023125408687,0.0,8.855675876768828
[07:41:00] [Server thread/WARN]: Oak Boat (vehicle of Yazuu) moved too quickly! -5.661460000228999,0.0,9.196458512398749
[07:41:00] [Server thread/WARN]: Oak Boat (vehicle of Yazuu) moved too quickly! -5.870887773643517,0.0,9.537247222486258
[07:41:00] [Server thread/WARN]: Oak Boat (vehicle of Yazuu) moved too quickly! -6.080307355793593,0.0,9.8780413995853
[07:41:00] [Server thread/WARN]: Oak Boat (vehicle of Yazuu) moved too quickly! -6.289719565805171,0.0,10.218840496994744
[07:41:00] [Server thread/WARN]: Oak Boat (vehicle of Yazuu) moved too quickly! -6.499125140892829,0.0,10.559644022683301
[07:41:00] [Server thread/WARN]: Oak Boat (vehicle of Yazuu) moved too quickly! -6.708524744548868,0.0,10.900451533823002
[07:49:06] [Server thread/INFO]: DraculaNew hit the ground too hard
[07:49:19] [Server thread/INFO]: [Yazuu: Teleported DraculaNew to Yazuu]
[07:58:19] [Server thread/WARN]: Oak Boat (vehicle of Yazuu) moved wrongly! 0.44388697915167086
[08:00:18] [Server thread/INFO]: [Yazuu: Teleported DraculaNew to Yazuu]
[08:25:49] [Server thread/INFO]: DraculaNew fell from a high place
[08:25:59] [Server thread/INFO]: [Yazuu: Teleported DraculaNew to Yazuu]
[08:27:14] [Server thread/WARN]: Happy Ghast (vehicle of DraculaNew) moved wrongly! 0.27703533730584695
[08:27:14] [Server thread/WARN]: Happy Ghast (vehicle of DraculaNew) moved wrongly! 0.27703533730584695
[08:49:32] [Server thread/INFO]: DraculaNew has made the advancement [Cover Me with Diamonds]
[08:57:54] [Server thread/INFO]: [Not Secure] <Yazuu> 716 1013
[09:01:46] [Server thread/WARN]: Mismatch in destroy block pos: class_2338{x=89, y=124, z=126} class_2338{x=89, y=118, z=126}
[09:02:35] [Server thread/WARN]: Mismatch in destroy block pos: class_2338{x=90, y=115, z=127} class_2338{x=89, y=119, z=127}
[09:03:18] [Server thread/WARN]: Mismatch in destroy block pos: class_2338{x=90, y=115, z=127} class_2338{x=89, y=118, z=129}
[09:03:33] [Server thread/INFO]: [Yazuu: Teleported Yazuu to DraculaNew]
[09:06:08] [Server thread/WARN]: Mismatch in destroy block pos: class_2338{x=90, y=114, z=127} class_2338{x=90, y=116, z=127}
[09:08:37] [Server thread/INFO]: DraculaNew lost connection: Timed out
[09:08:37] [Server thread/INFO]: DraculaNew left the game
[09:16:44] [Server thread/WARN]: Mismatch in destroy block pos: class_2338{x=525, y=118, z=126} class_2338{x=848, y=117, z=126}
[09:16:56] [Server thread/WARN]: Mismatch in destroy block pos: class_2338{x=525, y=118, z=126} class_2338{x=853, y=118, z=127}
[09:17:01] [Server thread/WARN]: Mismatch in destroy block pos: class_2338{x=525, y=118, z=126} class_2338{x=855, y=117, z=126}
[09:17:09] [Server thread/WARN]: Mismatch in destroy block pos: class_2338{x=525, y=118, z=126} class_2338{x=858, y=117, z=127}
[09:17:14] [Server thread/WARN]: Mismatch in destroy block pos: class_2338{x=525, y=118, z=126} class_2338{x=859, y=117, z=128}
[09:17:44] [Server thread/WARN]: Mismatch in destroy block pos: class_2338{x=525, y=118, z=126} class_2338{x=860, y=117, z=126}
[09:18:25] [Server thread/WARN]: Mismatch in destroy block pos: class_2338{x=525, y=118, z=126} class_2338{x=888, y=117, z=127}
[09:19:31] [Server thread/WARN]: Mismatch in destroy block pos: class_2338{x=922, y=117, z=111} class_2338{x=922, y=117, z=44}
[09:22:26] [Server thread/WARN]: Mismatch in destroy block pos: class_2338{x=923, y=118, z=-177} class_2338{x=922, y=118, z=-190}
[09:23:06] [Server thread/WARN]: Mismatch in destroy block pos: class_2338{x=923, y=118, z=-177} class_2338{x=918, y=112, z=-186}
[09:23:24] [Server thread/WARN]: Mismatch in destroy block pos: class_2338{x=923, y=118, z=-177} class_2338{x=915, y=109, z=-186}
[09:23:31] [Server thread/WARN]: Mismatch in destroy block pos: class_2338{x=923, y=118, z=-177} class_2338{x=915, y=109, z=-185}
[09:23:46] [Server thread/WARN]: Mismatch in destroy block pos: class_2338{x=915, y=108, z=-186} class_2338{x=913, y=107, z=-185}
[09:23:58] [Server thread/WARN]: Mismatch in destroy block pos: class_2338{x=915, y=108, z=-186} class_2338{x=911, y=105, z=-186}
[09:24:02] [Server thread/WARN]: Mismatch in destroy block pos: class_2338{x=915, y=108, z=-186} class_2338{x=910, y=104, z=-186}
[09:26:47] [Server thread/INFO]: [Yazuu: Set own game mode to Creative Mode]
[09:32:27] [Server thread/WARN]: Yazuu moved too quickly! -9.949831660524865,0.0,-2.2534401764544327
[09:34:55] [Server thread/WARN]: Yazuu moved too quickly! -10.532536406794634,0.0,-0.24362240241700306
